H2_MANIFEST_OK migration_checksum=45e8a9524fdacf40dd774aecb70f9ebeaa6fc6d4b8a30ac552b4b6354cde68fe manifest_checksum=84cd683d167d0f165af5b88c3fd9765ba0390b03a562e88fac4f52e7959b7482 set_checksum=5e04338d3d66b6fbb1e6302291855f89901be7efa91ecc7df31e35b5ad96f85a
H2_DEPLOYMENT_AUDIT_OK stage=post-upgrade audit_version=h2-deployment-audit-v1 h1_checksum=1b13d3a64336d7cbd55c935396ec42c4c06320105677829f0cf405733e5715fe h2_checksum=45e8a9524fdacf40dd774aecb70f9ebeaa6fc6d4b8a30ac552b4b6354cde68fe h2_bind_checksum=d0b9339fdac2366addf2ea5b322ca5a7cd08de39d35a38833d46692a5533399b h8_checksum=e975d295828084c09491d35866295e8f9eddd96d303afc2bf2e77d6b45e80232
H1A006|explicit_acl|actual_minus_expected|H1-ACL-COLUMNS|column|LSTM|public|public.campaign_operations_dispatch_attempt.attempt_contract_version|campaign_operations_h1_boundary_authority|campaign_operations_dispatcher|INSERT|f|f
H1A006|explicit_acl|actual_minus_expected|H1-ACL-COLUMNS|column|LSTM|public|public.campaign_operations_dispatch_attempt.attempt_identity_canonical|campaign_operations_h1_boundary_authority|campaign_operations_dispatcher|INSERT|f|f
H1A006|explicit_acl|actual_minus_expected|H1-ACL-COLUMNS|column|LSTM|public|public.campaign_operations_dispatch_attempt.attempt_identity_hash|campaign_operations_h1_boundary_authority|campaign_operations_dispatcher|INSERT|f|f
H1A006|explicit_acl|actual_minus_expected|H1-ACL-COLUMNS|column|LSTM|public|public.campaign_operations_dispatch_attempt.attempt_ordinal|campaign_operations_h1_boundary_authority|campaign_operations_dispatcher|INSERT|f|f
H1A006|explicit_acl|actual_minus_expected|H1-ACL-COLUMNS|column|LSTM|public|public.campaign_operations_dispatch_attempt.dispatcher_identity|campaign_operations_h1_boundary_authority|campaign_operations_dispatcher|INSERT|f|f
H1A006|explicit_acl|actual_minus_expected|H1-ACL-COLUMNS|column|LSTM|public|public.campaign_operations_dispatch_attempt.expected_request_version|campaign_operations_h1_boundary_authority|campaign_operations_dispatcher|INSERT|f|f
H1A006|explicit_acl|actual_minus_expected|H1-ACL-COLUMNS|column|LSTM|public|public.campaign_operations_dispatch_attempt.lease_expires_at|campaign_operations_h1_boundary_authority|campaign_operations_dispatcher|INSERT|f|f
H1A006|explicit_acl|actual_minus_expected|H1-ACL-COLUMNS|column|LSTM|public|public.campaign_operations_dispatch_attempt.lease_token_digest|campaign_operations_h1_boundary_authority|campaign_operations_dispatcher|INSERT|f|f
H1A006|explicit_acl|actual_minus_expected|H1-ACL-COLUMNS|column|LSTM|public|public.campaign_operations_dispatch_attempt.operational_request_id|campaign_operations_h1_boundary_authority|campaign_operations_dispatcher|INSERT|f|f
H1A006|explicit_acl|actual_minus_expected|H1-ACL-COLUMNS|column|LSTM|public|public.campaign_operations_dispatch_attempt.request_identity_canonical|campaign_operations_h1_boundary_authority|campaign_operations_dispatcher|INSERT|f|f
H1A006|explicit_acl|actual_minus_expected|H1-ACL-COLUMNS|column|LSTM|public|public.campaign_operations_dispatch_attempt.resulting_request_version|campaign_operations_h1_boundary_authority|campaign_operations_dispatcher|INSERT|f|f
H1A006|explicit_acl|actual_minus_expected|H1-ACL-DISPATCH-AUDIT-COLUMNS|column|LSTM|public|public.campaign_operations_dispatch_audit_reference_event.actor_identity|campaign_operations_h1_boundary_authority|campaign_operations_dispatcher|INSERT|f|f
H1A006|explicit_acl|actual_minus_expected|H1-ACL-DISPATCH-AUDIT-COLUMNS|column|LSTM|public|public.campaign_operations_dispatch_audit_reference_event.actor_identity|campaign_operations_h1_boundary_authority|campaign_operations_phase5_transactional|INSERT|f|f
H1A006|explicit_acl|actual_minus_expected|H1-ACL-DISPATCH-AUDIT-COLUMNS|column|LSTM|public|public.campaign_operations_dispatch_audit_reference_event.actor_identity|campaign_operations_h1_boundary_authority|campaign_operations_production_phase5_transactional|INSERT|f|f
H1A006|explicit_acl|actual_minus_expected|H1-ACL-DISPATCH-AUDIT-COLUMNS|column|LSTM|public|public.campaign_operations_dispatch_audit_reference_event.capability|campaign_operations_h1_boundary_authority|campaign_operations_dispatcher|INSERT|f|f
H1A006|explicit_acl|actual_minus_expected|H1-ACL-DISPATCH-AUDIT-COLUMNS|column|LSTM|public|public.campaign_operations_dispatch_audit_reference_event.capability|campaign_operations_h1_boundary_authority|campaign_operations_phase5_transactional|INSERT|f|f
H1A006|explicit_acl|actual_minus_expected|H1-ACL-DISPATCH-AUDIT-COLUMNS|column|LSTM|public|public.campaign_operations_dispatch_audit_reference_event.capability|campaign_operations_h1_boundary_authority|campaign_operations_production_phase5_transactional|INSERT|f|f
H1A006|explicit_acl|actual_minus_expected|H1-ACL-DISPATCH-AUDIT-COLUMNS|column|LSTM|public|public.campaign_operations_dispatch_audit_reference_event.cause_kind|campaign_operations_h1_boundary_authority|campaign_operations_dispatcher|INSERT|f|f
H1A006|explicit_acl|actual_minus_expected|H1-ACL-DISPATCH-AUDIT-COLUMNS|column|LSTM|public|public.campaign_operations_dispatch_audit_reference_event.cause_kind|campaign_operations_h1_boundary_authority|campaign_operations_phase5_transactional|INSERT|f|f
H1A006|explicit_acl|actual_minus_expected|H1-ACL-DISPATCH-AUDIT-COLUMNS|column|LSTM|public|public.campaign_operations_dispatch_audit_reference_event.cause_kind|campaign_operations_h1_boundary_authority|campaign_operations_production_phase5_transactional|INSERT|f|f
H1A006|explicit_acl|actual_minus_expected|H1-ACL-DISPATCH-AUDIT-COLUMNS|column|LSTM|public|public.campaign_operations_dispatch_audit_reference_event.diagnostic_code|campaign_operations_h1_boundary_authority|campaign_operations_dispatcher|INSERT|f|f
H1A006|explicit_acl|actual_minus_expected|H1-ACL-DISPATCH-AUDIT-COLUMNS|column|LSTM|public|public.campaign_operations_dispatch_audit_reference_event.diagnostic_code|campaign_operations_h1_boundary_authority|campaign_operations_phase5_transactional|INSERT|f|f
H1A006|explicit_acl|actual_minus_expected|H1-ACL-DISPATCH-AUDIT-COLUMNS|column|LSTM|public|public.campaign_operations_dispatch_audit_reference_event.diagnostic_code|campaign_operations_h1_boundary_authority|campaign_operations_production_phase5_transactional|INSERT|f|f
H1A006|explicit_acl|actual_minus_expected|H1-ACL-DISPATCH-AUDIT-COLUMNS|column|LSTM|public|public.campaign_operations_dispatch_audit_reference_event.dispatch_attempt_id|campaign_operations_h1_boundary_authority|campaign_operations_dispatcher|INSERT|f|f
H1A006|explicit_acl|actual_minus_expected|H1-ACL-DISPATCH-AUDIT-COLUMNS|column|LSTM|public|public.campaign_operations_dispatch_audit_reference_event.dispatch_attempt_id|campaign_operations_h1_boundary_authority|campaign_operations_phase5_transactional|INSERT|f|f
H1A006|explicit_acl|actual_minus_expected|H1-ACL-DISPATCH-AUDIT-COLUMNS|column|LSTM|public|public.campaign_operations_dispatch_audit_reference_event.dispatch_attempt_id|campaign_operations_h1_boundary_authority|campaign_operations_production_phase5_transactional|INSERT|f|f
H1A006|explicit_acl|actual_minus_expected|H1-ACL-DISPATCH-AUDIT-COLUMNS|column|LSTM|public|public.campaign_operations_dispatch_audit_reference_event.dispatch_attempt_outcome_id|campaign_operations_h1_boundary_authority|campaign_operations_dispatcher|INSERT|f|f
H1A006|explicit_acl|actual_minus_expected|H1-ACL-DISPATCH-AUDIT-COLUMNS|column|LSTM|public|public.campaign_operations_dispatch_audit_reference_event.dispatch_attempt_outcome_id|campaign_operations_h1_boundary_authority|campaign_operations_phase5_transactional|INSERT|f|f
H1A006|explicit_acl|actual_minus_expected|H1-ACL-DISPATCH-AUDIT-COLUMNS|column|LSTM|public|public.campaign_operations_dispatch_audit_reference_event.dispatch_attempt_outcome_id|campaign_operations_h1_boundary_authority|campaign_operations_production_phase5_transactional|INSERT|f|f
H1A006|explicit_acl|actual_minus_expected|H1-ACL-DISPATCH-AUDIT-COLUMNS|column|LSTM|public|public.campaign_operations_dispatch_audit_reference_event.operational_campaign_id|campaign_operations_h1_boundary_authority|campaign_operations_dispatcher|INSERT|f|f
H1A006|explicit_acl|actual_minus_expected|H1-ACL-DISPATCH-AUDIT-COLUMNS|column|LSTM|public|public.campaign_operations_dispatch_audit_reference_event.operational_campaign_id|campaign_operations_h1_boundary_authority|campaign_operations_phase5_transactional|INSERT|f|f
H1A006|explicit_acl|actual_minus_expected|H1-ACL-DISPATCH-AUDIT-COLUMNS|column|LSTM|public|public.campaign_operations_dispatch_audit_reference_event.operational_campaign_id|campaign_operations_h1_boundary_authority|campaign_operations_production_phase5_transactional|INSERT|f|f
H1A006|explicit_acl|actual_minus_expected|H1-ACL-DISPATCH-AUDIT-COLUMNS|column|LSTM|public|public.campaign_operations_dispatch_audit_reference_event.operational_request_id|campaign_operations_h1_boundary_authority|campaign_operations_dispatcher|INSERT|f|f
H1A006|explicit_acl|actual_minus_expected|H1-ACL-DISPATCH-AUDIT-COLUMNS|column|LSTM|public|public.campaign_operations_dispatch_audit_reference_event.operational_request_id|campaign_operations_h1_boundary_authority|campaign_operations_phase5_transactional|INSERT|f|f
H1A006|explicit_acl|actual_minus_expected|H1-ACL-DISPATCH-AUDIT-COLUMNS|column|LSTM|public|public.campaign_operations_dispatch_audit_reference_event.operational_request_id|campaign_operations_h1_boundary_authority|campaign_operations_production_phase5_transactional|INSERT|f|f
H1A006|explicit_acl|actual_minus_expected|H1-ACL-DISPATCH-AUDIT-COLUMNS|column|LSTM|public|public.campaign_operations_dispatch_audit_reference_event.outcome|campaign_operations_h1_boundary_authority|campaign_operations_dispatcher|INSERT|f|f
H1A006|explicit_acl|actual_minus_expected|H1-ACL-DISPATCH-AUDIT-COLUMNS|column|LSTM|public|public.campaign_operations_dispatch_audit_reference_event.outcome|campaign_operations_h1_boundary_authority|campaign_operations_phase5_transactional|INSERT|f|f
H1A006|explicit_acl|actual_minus_expected|H1-ACL-DISPATCH-AUDIT-COLUMNS|column|LSTM|public|public.campaign_operations_dispatch_audit_reference_event.outcome|campaign_operations_h1_boundary_authority|campaign_operations_production_phase5_transactional|INSERT|f|f
H1A006|explicit_acl|actual_minus_expected|H1-ACL-DISPATCH-AUDIT-COLUMNS|column|LSTM|public|public.campaign_operations_dispatch_audit_reference_event.prior_version|campaign_operations_h1_boundary_authority|campaign_operations_dispatcher|INSERT|f|f
H1A006|explicit_acl|actual_minus_expected|H1-ACL-DISPATCH-AUDIT-COLUMNS|column|LSTM|public|public.campaign_operations_dispatch_audit_reference_event.prior_version|campaign_operations_h1_boundary_authority|campaign_operations_phase5_transactional|INSERT|f|f
H1A006|explicit_acl|actual_minus_expected|H1-ACL-DISPATCH-AUDIT-COLUMNS|column|LSTM|public|public.campaign_operations_dispatch_audit_reference_event.prior_version|campaign_operations_h1_boundary_authority|campaign_operations_production_phase5_transactional|INSERT|f|f
H1A006|explicit_acl|actual_minus_expected|H1-ACL-DISPATCH-AUDIT-COLUMNS|column|LSTM|public|public.campaign_operations_dispatch_audit_reference_event.replay_disposition|campaign_operations_h1_boundary_authority|campaign_operations_dispatcher|INSERT|f|f
H1A006|explicit_acl|actual_minus_expected|H1-ACL-DISPATCH-AUDIT-COLUMNS|column|LSTM|public|public.campaign_operations_dispatch_audit_reference_event.replay_disposition|campaign_operations_h1_boundary_authority|campaign_operations_phase5_transactional|INSERT|f|f
H1A006|explicit_acl|actual_minus_expected|H1-ACL-DISPATCH-AUDIT-COLUMNS|column|LSTM|public|public.campaign_operations_dispatch_audit_reference_event.replay_disposition|campaign_operations_h1_boundary_authority|campaign_operations_production_phase5_transactional|INSERT|f|f
H1A006|explicit_acl|actual_minus_expected|H1-ACL-DISPATCH-AUDIT-COLUMNS|column|LSTM|public|public.campaign_operations_dispatch_audit_reference_event.resulting_version|campaign_operations_h1_boundary_authority|campaign_operations_dispatcher|INSERT|f|f
H1A006|explicit_acl|actual_minus_expected|H1-ACL-DISPATCH-AUDIT-COLUMNS|column|LSTM|public|public.campaign_operations_dispatch_audit_reference_event.resulting_version|campaign_operations_h1_boundary_authority|campaign_operations_phase5_transactional|INSERT|f|f
H1A006|explicit_acl|actual_minus_expected|H1-ACL-DISPATCH-AUDIT-COLUMNS|column|LSTM|public|public.campaign_operations_dispatch_audit_reference_event.resulting_version|campaign_operations_h1_boundary_authority|campaign_operations_production_phase5_transactional|INSERT|f|f
H1A006|explicit_acl|actual_minus_expected|H1-ACL-REQUEST-COLUMNS|column|LSTM|public|public.campaign_operations_operational_request.accepting_actor_identity|campaign_operations_h1_boundary_authority|campaign_operations_request_acceptor|INSERT|f|f
H1A006|explicit_acl|actual_minus_expected|H1-ACL-REQUEST-COLUMNS|column|LSTM|public|public.campaign_operations_operational_request.action_contract_version|campaign_operations_h1_boundary_authority|campaign_operations_request_acceptor|INSERT|f|f
H1A006|explicit_acl|actual_minus_expected|H1-ACL-REQUEST-COLUMNS|column|LSTM|public|public.campaign_operations_operational_request.action_kind|campaign_operations_h1_boundary_authority|campaign_operations_request_acceptor|INSERT|f|f
H1A006|explicit_acl|actual_minus_expected|H1-ACL-REQUEST-COLUMNS|column|LSTM|public|public.campaign_operations_operational_request.authorization_event_id|campaign_operations_h1_boundary_authority|campaign_operations_request_acceptor|INSERT|f|f
H1A006|explicit_acl|actual_minus_expected|H1-ACL-REQUEST-COLUMNS|column|LSTM|public|public.campaign_operations_operational_request.authorization_identity_canonical|campaign_operations_h1_boundary_authority|campaign_operations_request_acceptor|INSERT|f|f
H1A006|explicit_acl|actual_minus_expected|H1-ACL-REQUEST-COLUMNS|column|LSTM|public|public.campaign_operations_operational_request.authorization_identity_hash|campaign_operations_h1_boundary_authority|campaign_operations_request_acceptor|INSERT|f|f
H1A006|explicit_acl|actual_minus_expected|H1-ACL-REQUEST-COLUMNS|column|LSTM|public|public.campaign_operations_operational_request.campaign_identity_canonical|campaign_operations_h1_boundary_authority|campaign_operations_request_acceptor|INSERT|f|f
H1A006|explicit_acl|actual_minus_expected|H1-ACL-REQUEST-COLUMNS|column|LSTM|public|public.campaign_operations_operational_request.logical_operation_canonical|campaign_operations_h1_boundary_authority|campaign_operations_request_acceptor|INSERT|f|f
H1A006|explicit_acl|actual_minus_expected|H1-ACL-REQUEST-COLUMNS|column|LSTM|public|public.campaign_operations_operational_request.logical_operation_contract_version|campaign_operations_h1_boundary_authority|campaign_operations_request_acceptor|INSERT|f|f
H1A006|explicit_acl|actual_minus_expected|H1-ACL-REQUEST-COLUMNS|column|LSTM|public|public.campaign_operations_operational_request.logical_operation_hash|campaign_operations_h1_boundary_authority|campaign_operations_request_acceptor|INSERT|f|f
H1A006|explicit_acl|actual_minus_expected|H1-ACL-REQUEST-COLUMNS|column|LSTM|public|public.campaign_operations_operational_request.materialization_contract_version|campaign_operations_h1_boundary_authority|campaign_operations_request_acceptor|INSERT|f|f
H1A006|explicit_acl|actual_minus_expected|H1-ACL-REQUEST-COLUMNS|column|LSTM|public|public.campaign_operations_operational_request.materialization_identity_canonical|campaign_operations_h1_boundary_authority|campaign_operations_request_acceptor|INSERT|f|f
H1A006|explicit_acl|actual_minus_expected|H1-ACL-REQUEST-COLUMNS|column|LSTM|public|public.campaign_operations_operational_request.materialization_identity_hash|campaign_operations_h1_boundary_authority|campaign_operations_request_acceptor|INSERT|f|f
H1A006|explicit_acl|actual_minus_expected|H1-ACL-REQUEST-COLUMNS|column|LSTM|public|public.campaign_operations_operational_request.materialization_member_count|campaign_operations_h1_boundary_authority|campaign_operations_request_acceptor|INSERT|f|f
H1A006|explicit_acl|actual_minus_expected|H1-ACL-REQUEST-COLUMNS|column|LSTM|public|public.campaign_operations_operational_request.operational_campaign_id|campaign_operations_h1_boundary_authority|campaign_operations_request_acceptor|INSERT|f|f
H1A006|explicit_acl|actual_minus_expected|H1-ACL-REQUEST-COLUMNS|column|LSTM|public|public.campaign_operations_operational_request.ordered_scope_digest|campaign_operations_h1_boundary_authority|campaign_operations_request_acceptor|INSERT|f|f
H1A006|explicit_acl|actual_minus_expected|H1-ACL-REQUEST-COLUMNS|column|LSTM|public|public.campaign_operations_operational_request.prerequisite_policy|campaign_operations_h1_boundary_authority|campaign_operations_request_acceptor|INSERT|f|f
H1A006|explicit_acl|actual_minus_expected|H1-ACL-REQUEST-COLUMNS|column|LSTM|public|public.campaign_operations_operational_request.provenance_identity_canonical|campaign_operations_h1_boundary_authority|campaign_operations_request_acceptor|INSERT|f|f
H1A006|explicit_acl|actual_minus_expected|H1-ACL-REQUEST-COLUMNS|column|LSTM|public|public.campaign_operations_operational_request.provenance_identity_hash|campaign_operations_h1_boundary_authority|campaign_operations_request_acceptor|INSERT|f|f
H1A006|explicit_acl|actual_minus_expected|H1-ACL-REQUEST-COLUMNS|column|LSTM|public|public.campaign_operations_operational_request.reason|campaign_operations_h1_boundary_authority|campaign_operations_request_acceptor|INSERT|f|f
H1A006|explicit_acl|actual_minus_expected|H1-ACL-REQUEST-COLUMNS|column|LSTM|public|public.campaign_operations_operational_request.recommendation_campaign_materialization_id|campaign_operations_h1_boundary_authority|campaign_operations_request_acceptor|INSERT|f|f
H1A006|explicit_acl|actual_minus_expected|H1-ACL-REQUEST-COLUMNS|column|LSTM|public|public.campaign_operations_operational_request.request_contract_version|campaign_operations_h1_boundary_authority|campaign_operations_request_acceptor|INSERT|f|f
H1A006|explicit_acl|actual_minus_expected|H1-ACL-REQUEST-COLUMNS|column|LSTM|public|public.campaign_operations_operational_request.request_identity_canonical|campaign_operations_h1_boundary_authority|campaign_operations_request_acceptor|INSERT|f|f
H1A006|explicit_acl|actual_minus_expected|H1-ACL-REQUEST-COLUMNS|column|LSTM|public|public.campaign_operations_operational_request.request_identity_hash|campaign_operations_h1_boundary_authority|campaign_operations_request_acceptor|INSERT|f|f
H1A006|explicit_acl|actual_minus_expected|H1-ACL-REQUEST-COLUMNS|column|LSTM|public|public.campaign_operations_operational_request.request_state|campaign_operations_h1_boundary_authority|campaign_operations_request_acceptor|INSERT|f|f
H1A006|explicit_acl|actual_minus_expected|H1-ACL-REQUEST-COLUMNS|column|LSTM|public|public.campaign_operations_operational_request.reservation_id|campaign_operations_h1_boundary_authority|campaign_operations_request_acceptor|INSERT|f|f
H1A006|explicit_acl|actual_minus_expected|H1-ACL-REQUEST-COLUMNS|column|LSTM|public|public.campaign_operations_operational_request.reservation_identity_canonical|campaign_operations_h1_boundary_authority|campaign_operations_request_acceptor|INSERT|f|f
H1A006|explicit_acl|actual_minus_expected|H1-ACL-REQUEST-COLUMNS|column|LSTM|public|public.campaign_operations_operational_request.reservation_identity_hash|campaign_operations_h1_boundary_authority|campaign_operations_request_acceptor|INSERT|f|f
H1A006|explicit_acl|actual_minus_expected|H1-ACL-REQUEST-COLUMNS|column|LSTM|public|public.campaign_operations_operational_request.state_version|campaign_operations_h1_boundary_authority|campaign_operations_request_acceptor|INSERT|f|f
H1A006|explicit_acl|actual_minus_expected|H1-ACL-UNEXPECTED-OBJECT|function|LSTM|public|public.campaign_operations_production_dispatch_authorized_v3(bigint,integer,text,timestamp with time zone,text,text,text)|campaign_operations_h1_boundary_authority|campaign_operations_h1_boundary_authority|EXECUTE|f|f|f
H1A006|explicit_acl|actual_minus_expected|H1-ACL-UNEXPECTED-OBJECT|function|LSTM|public|public.campaign_operations_production_dispatch_authorized_v3(bigint,integer,text,timestamp with time zone,text,text,text)|campaign_operations_h1_boundary_authority|campaign_operations_production_dispatch_service|EXECUTE|f|f|f
H1A006|explicit_acl|actual_minus_expected|H1-ACL-UNEXPECTED-OBJECT|function|LSTM|public|public.campaign_operations_production_dispatch_readiness_gate_v1(text)|campaign_operations_h1_boundary_authority|campaign_operations_h1_boundary_authority|EXECUTE|f|f|f
H1A006|explicit_acl|actual_minus_expected|H1-ACL-UNEXPECTED-OBJECT|function|LSTM|public|public.campaign_operations_production_readiness_snapshot_v1()|campaign_operations_h1_boundary_authority|campaign_operations_h1_boundary_authority|EXECUTE|f|f|f
H1A006|explicit_acl|actual_minus_expected|H1-ACL-UNEXPECTED-OBJECT|function|LSTM|public|public.campaign_operations_production_readiness_snapshot_v1()|campaign_operations_h1_boundary_authority|campaign_operations_production_reader|EXECUTE|f|f|f
H1A006|explicit_acl|actual_minus_expected|H1-ACL-SCHEDULER-EVIDENCE|function|LSTM|public|public.campaign_operations_scheduler_protocol_evidence_lock_v1()|campaign_operations_h1_boundary_authority|campaign_operations_production_phase5_transactional|EXECUTE|f|f|f
H1A006|explicit_acl|actual_minus_expected|H1-ACL-LOCK-1|function|LSTM|public|public.lock_campaign_operations_authorization_head(bigint,text)|campaign_operations_h1_boundary_authority|campaign_operations_production_phase5_transactional|EXECUTE|f|f|f
H1A006|explicit_acl|actual_minus_expected|H1-ACL-LOCK-2|function|LSTM|public|public.lock_campaign_operations_budget_head(bigint)|campaign_operations_h1_boundary_authority|campaign_operations_production_phase5_transactional|EXECUTE|f|f|f
H1A006|explicit_acl|actual_minus_expected|H1-ACL-LOCK-3|function|LSTM|public|public.lock_campaign_operations_campaign(bigint)|campaign_operations_h1_boundary_authority|campaign_operations_production_phase5_transactional|EXECUTE|f|f|f
H1A006|explicit_acl|actual_minus_expected|H1-ACL-LOCK-5|function|LSTM|public|public.lock_campaign_operations_request(bigint)|campaign_operations_h1_boundary_authority|campaign_operations_production_phase5_transactional|EXECUTE|f|f|f
H1A006|explicit_acl|actual_minus_expected|H1-ACL-LOCK-4|function|LSTM|public|public.lock_campaign_operations_reservation(bigint)|campaign_operations_h1_boundary_authority|campaign_operations_production_phase5_transactional|EXECUTE|f|f|f
H1A006|explicit_acl|actual_minus_expected|H1-ACL-FIXED-TRANSITIONS|function|LSTM|public|public.record_campaign_operations_production_disable_v1(text,bigint,text,integer,text,text)|campaign_operations_h1_boundary_authority|campaign_operations_production_disabler|EXECUTE|f|f|f
H1A006|explicit_acl|actual_minus_expected|H1-ACL-FIXED-TRANSITIONS|function|LSTM|public|public.record_campaign_operations_production_enable_v1(text,integer,text,text,text,text,text,text,text,text,text)|campaign_operations_h1_boundary_authority|campaign_operations_production_enabler|EXECUTE|f|f|f
H1A006|explicit_acl|actual_minus_expected|H1-ACL-SCHEMA-PUBLIC|schema|LSTM|public|public|pg_database_owner|campaign_operations_authorizer|USAGE|f|f|n
H1A006|explicit_acl|actual_minus_expected|H1-ACL-SCHEMA-PUBLIC|schema|LSTM|public|public|pg_database_owner|campaign_operations_budget_administrator|USAGE|f|f|n
H1A006|explicit_acl|actual_minus_expected|H1-ACL-SCHEMA-PUBLIC|schema|LSTM|public|public|pg_database_owner|campaign_operations_campaign_creator|USAGE|f|f|n
H1A006|explicit_acl|actual_minus_expected|H1-ACL-SCHEMA-PUBLIC|schema|LSTM|public|public|pg_database_owner|campaign_operations_dispatcher|USAGE|f|f|n
H1A006|explicit_acl|actual_minus_expected|H1-ACL-SCHEMA-PUBLIC|schema|LSTM|public|public|pg_database_owner|campaign_operations_owner|USAGE|f|f|n
H1A006|explicit_acl|actual_minus_expected|H1-ACL-SCHEMA-PUBLIC|schema|LSTM|public|public|pg_database_owner|campaign_operations_phase5_transactional|USAGE|f|f|n
H1A006|explicit_acl|actual_minus_expected|H1-ACL-SCHEMA-PUBLIC|schema|LSTM|public|public|pg_database_owner|campaign_operations_request_acceptor|USAGE|f|f|n
H1A006|explicit_acl|actual_minus_expected|H1-ACL-SCHEMA-PUBLIC|schema|LSTM|public|public|pg_database_owner|pqxx|USAGE|f|f|n
H1A006|explicit_acl|actual_minus_expected|H1-ACL-SEQUENCES|sequence|LSTM|public|public.campaign_operations_dispatch__dispatch_audit_reference_even_seq|campaign_operations_h1_boundary_authority|campaign_operations_dispatcher|USAGE|f|f|S
H1A006|explicit_acl|actual_minus_expected|H1-ACL-SEQUENCES|sequence|LSTM|public|public.campaign_operations_dispatch__dispatch_audit_reference_even_seq|campaign_operations_h1_boundary_authority|campaign_operations_phase5_transactional|USAGE|f|f|S
H1A006|explicit_acl|actual_minus_expected|H1-ACL-SEQUENCES|sequence|LSTM|public|public.campaign_operations_dispatch__dispatch_audit_reference_even_seq|campaign_operations_h1_boundary_authority|campaign_operations_production_phase5_transactional|USAGE|f|f|S
H1A006|explicit_acl|actual_minus_expected|H1-ACL-SEQUENCES|sequence|LSTM|public|public.campaign_operations_dispatch__dispatch_audit_reference_even_seq|campaign_operations_h1_boundary_authority|pqxx|SELECT|f|f|S
H1A006|explicit_acl|actual_minus_expected|H1-ACL-SEQUENCES|sequence|LSTM|public|public.campaign_operations_dispatch__dispatch_audit_reference_even_seq|campaign_operations_h1_boundary_authority|pqxx|USAGE|f|f|S
H1A006|explicit_acl|actual_minus_expected|H1-ACL-SEQUENCES|sequence|LSTM|public|public.campaign_operations_dispatch_attempt_dispatch_attempt_id_seq|campaign_operations_h1_boundary_authority|campaign_operations_dispatcher|USAGE|f|f|S
H1A006|explicit_acl|actual_minus_expected|H1-ACL-SEQUENCES|sequence|LSTM|public|public.campaign_operations_dispatch_attempt_dispatch_attempt_id_seq|campaign_operations_h1_boundary_authority|pqxx|SELECT|f|f|S
H1A006|explicit_acl|actual_minus_expected|H1-ACL-SEQUENCES|sequence|LSTM|public|public.campaign_operations_dispatch_attempt_dispatch_attempt_id_seq|campaign_operations_h1_boundary_authority|pqxx|USAGE|f|f|S
H1A006|explicit_acl|actual_minus_expected|H1-ACL-SEQUENCES|sequence|LSTM|public|public.campaign_operations_operational_requ_operational_request_id_seq|campaign_operations_h1_boundary_authority|campaign_operations_request_acceptor|USAGE|f|f|S
H1A006|explicit_acl|actual_minus_expected|H1-ACL-SEQUENCES|sequence|LSTM|public|public.campaign_operations_operational_requ_operational_request_id_seq|campaign_operations_h1_boundary_authority|pqxx|SELECT|f|f|S
H1A006|explicit_acl|actual_minus_expected|H1-ACL-SEQUENCES|sequence|LSTM|public|public.campaign_operations_operational_requ_operational_request_id_seq|campaign_operations_h1_boundary_authority|pqxx|USAGE|f|f|S
H1A006|explicit_acl|actual_minus_expected|H1-ACL-ATTEMPT|table|LSTM|public|public.campaign_operations_dispatch_attempt|campaign_operations_h1_boundary_authority|campaign_operations_dispatcher|SELECT|f|f|r
H1A006|explicit_acl|actual_minus_expected|H1-ACL-ATTEMPT|table|LSTM|public|public.campaign_operations_dispatch_attempt|campaign_operations_h1_boundary_authority|campaign_operations_phase5_transactional|SELECT|f|f|r
H1A006|explicit_acl|actual_minus_expected|H1-ACL-ATTEMPT|table|LSTM|public|public.campaign_operations_dispatch_attempt|campaign_operations_h1_boundary_authority|campaign_operations_production_phase5_transactional|SELECT|f|f|r
H1A006|explicit_acl|actual_minus_expected|H1-ACL-ATTEMPT|table|LSTM|public|public.campaign_operations_dispatch_attempt|campaign_operations_h1_boundary_authority|pqxx|SELECT|f|f|r
H1A006|explicit_acl|actual_minus_expected|H1-ACL-DISPATCH-AUDIT|table|LSTM|public|public.campaign_operations_dispatch_audit_reference_event|campaign_operations_h1_boundary_authority|campaign_operations_dispatcher|SELECT|f|f|r
H1A006|explicit_acl|actual_minus_expected|H1-ACL-DISPATCH-AUDIT|table|LSTM|public|public.campaign_operations_dispatch_audit_reference_event|campaign_operations_h1_boundary_authority|campaign_operations_phase5_transactional|SELECT|f|f|r
H1A006|explicit_acl|actual_minus_expected|H1-ACL-DISPATCH-AUDIT|table|LSTM|public|public.campaign_operations_dispatch_audit_reference_event|campaign_operations_h1_boundary_authority|campaign_operations_production_phase5_transactional|SELECT|f|f|r
H1A006|explicit_acl|actual_minus_expected|H1-ACL-DISPATCH-AUDIT|table|LSTM|public|public.campaign_operations_dispatch_audit_reference_event|campaign_operations_h1_boundary_authority|pqxx|SELECT|f|f|r
H1A006|explicit_acl|actual_minus_expected|H1-ACL-REQUEST|table|LSTM|public|public.campaign_operations_operational_request|campaign_operations_h1_boundary_authority|campaign_operations_budget_administrator|SELECT|f|f|r
H1A006|explicit_acl|actual_minus_expected|H1-ACL-REQUEST|table|LSTM|public|public.campaign_operations_operational_request|campaign_operations_h1_boundary_authority|campaign_operations_dispatcher|SELECT|f|f|r
H1A006|explicit_acl|actual_minus_expected|H1-ACL-REQUEST|table|LSTM|public|public.campaign_operations_operational_request|campaign_operations_h1_boundary_authority|campaign_operations_phase5_transactional|SELECT|f|f|r
H1A006|explicit_acl|actual_minus_expected|H1-ACL-REQUEST|table|LSTM|public|public.campaign_operations_operational_request|campaign_operations_h1_boundary_authority|campaign_operations_production_phase5_transactional|SELECT|f|f|r
H1A006|explicit_acl|actual_minus_expected|H1-ACL-REQUEST|table|LSTM|public|public.campaign_operations_operational_request|campaign_operations_h1_boundary_authority|campaign_operations_request_acceptor|SELECT|f|f|r
H1A006|explicit_acl|actual_minus_expected|H1-ACL-ENABLEMENT-AUDIT|table|LSTM|public|public.campaign_operations_production_enablement_audit_reference_event|campaign_operations_h1_boundary_authority|campaign_operations_production_dispatcher|SELECT|f|f|r
H1A006|explicit_acl|actual_minus_expected|H1-ACL-ENABLEMENT-AUDIT|table|LSTM|public|public.campaign_operations_production_enablement_audit_reference_event|campaign_operations_h1_boundary_authority|campaign_operations_production_phase5_transactional|SELECT|f|f|r
H1A006|explicit_acl|actual_minus_expected|H1-ACL-ENABLEMENT|table|LSTM|public|public.campaign_operations_production_enablement_event|campaign_operations_h1_boundary_authority|campaign_operations_production_dispatcher|SELECT|f|f|r
H1A006|explicit_acl|actual_minus_expected|H1-ACL-ENABLEMENT|table|LSTM|public|public.campaign_operations_production_enablement_event|campaign_operations_h1_boundary_authority|campaign_operations_production_phase5_transactional|SELECT|f|f|r
H1A006|explicit_acl|actual_minus_expected|H1-ACL-ADMISSION|table|LSTM|public|public.campaign_operations_request_production_admission|campaign_operations_h1_boundary_authority|campaign_operations_production_dispatcher|SELECT|f|f|r
H1A006|explicit_acl|actual_minus_expected|H1-ACL-ADMISSION|table|LSTM|public|public.campaign_operations_request_production_admission|campaign_operations_h1_boundary_authority|campaign_operations_production_phase5_transactional|SELECT|f|f|r
H1A006|explicit_acl|actual_minus_expected|H1-ACL-LEDGER|table|LSTM|public|public.schema_migrations|vjp|pqxx|SELECT|f|f|r
H1A006|explicit_acl|actual_minus_expected|H1-ACL-READINESS|view|LSTM|public|public.campaign_operations_production_readiness_v1|campaign_operations_h1_boundary_authority|pqxx|SELECT|f|f|r
H1A006|explicit_acl|actual_minus_expected|H1-ACL-STATUS|view|LSTM|public|public.campaign_operations_production_status_v1|campaign_operations_h1_boundary_authority|pqxx|SELECT|f|f|r
H1A006|explicit_acl|expected_minus_actual|H1-ACL-REQUEST-COLUMNS|column|LSTM|public|public.campaign_operations_operational_request.dispatcher_identity|campaign_operations_h1_boundary_authority|campaign_operations_owner|UPDATE|f|f
H1A006|explicit_acl|expected_minus_actual|H1-ACL-REQUEST-COLUMNS|column|LSTM|public|public.campaign_operations_operational_request.lease_expires_at|campaign_operations_h1_boundary_authority|campaign_operations_owner|UPDATE|f|f
H1A006|explicit_acl|expected_minus_actual|H1-ACL-REQUEST-COLUMNS|column|LSTM|public|public.campaign_operations_operational_request.lease_token_hash|campaign_operations_h1_boundary_authority|campaign_operations_owner|UPDATE|f|f
H1A006|explicit_acl|expected_minus_actual|H1-ACL-REQUEST-COLUMNS|column|LSTM|public|public.campaign_operations_operational_request.request_state|campaign_operations_h1_boundary_authority|campaign_operations_owner|UPDATE|f|f
H1A006|explicit_acl|expected_minus_actual|H1-ACL-REQUEST-COLUMNS|column|LSTM|public|public.campaign_operations_operational_request.state_version|campaign_operations_h1_boundary_authority|campaign_operations_owner|UPDATE|f|f
H1A006|explicit_acl|expected_minus_actual|H1-ACL-REQUEST-COLUMNS|column|LSTM|public|public.campaign_operations_operational_request.updated_at|campaign_operations_h1_boundary_authority|campaign_operations_owner|UPDATE|f|f
SQLSTATE=42501 diagnostic=H1A006 object=campaign_operations_h1_boundary_authority stage=post-upgrade audit_version=h1-deployment-audit-v1 detail=exact-explicit-ACL-tuple-matrix-mismatch
